// Jest Snapshot v1, https://goo.gl/fbAQLP

exports[`App renders 1`] = `
<AppLayout>
  <Switch>
    <Route
      component={[Function]}
      path="/watch"
    />
    <Route
      component={
        Object {
          "$$typeof": Symbol(react.memo),
          "WrappedComponent": [Function],
          "compare": null,
          "displayName": "Connect(Home)",
          "type": [Function],
        }
      }
      path="/"
    />
  </Switch>
</AppLayout>
`;
